
> webservdev@1.0.0 test
> node --test "tests/**/*.spec.js"

´╣ú Ciclo de Vida de Apache (0.2973ms) # SKIP

[TEST] Servicios encontrados: 5
  - PHP (id: php): 6 versiones
  - Apache (id: apache): 1 versiones
  - MySQL (id: mysql): 1 versiones
  - PostgreSQL (id: postgresql): 1 versiones
  - MailPit (id: mailpit): 1 versiones
[TEST] Directorio de distribuci├│n no existe (npm run dist no ejecutado)

[TEST] Apache encontrado con 1 versiones disponibles
[TEST] PHP encontrado con 6 versiones disponibles
[TEST] MySQL encontrado con 1 versiones disponibles
ÔûÂ API de servicios - Detecci├│n a trav├®s de services.json
  Ô£ö services.json debe existir en src/neutralino (0.4965ms)
  Ô£ö services.json debe tener formato v├ílido con propiedad "services" (0.0901ms)
  Ô£ö debe detectar al menos 3 servicios disponibles (0.4324ms)
  Ô£ö cada servicio debe tener estructura v├ílida (0.176ms)
  Ô£ö cada versi├│n debe tener url y filename v├ílidos (0.162ms)
  Ô£ö services.json debe estar presente en neutralino/www/ despu├®s del build (0.4536ms)
  Ô£ö services.json debe estar en el dist despu├®s de npm run dist (0.2129ms)
  Ô£ö debe incluir Apache como uno de los servicios (0.1323ms)
  Ô£ö debe incluir PHP como uno de los servicios (0.1964ms)
  Ô£ö debe incluir MySQL como uno de los servicios (0.2156ms)
Ô£ö API de servicios - Detecci├│n a trav├®s de services.json (3.7069ms)
ÔûÂ Integraci├│n con neutralino-shim.js
  Ô£ö neutralino-shim.js debe tener la funci├│n getRemoteServices (0.1491ms)
  Ô£ö getRemoteServices debe intentar cargar desde /www/services.json (0.0809ms)
  Ô£ö getRemoteServices debe tener logging para debugging (0.0663ms)
  Ô£ö getRemoteServices debe intentar m├║ltiples rutas como fallback (0.0682ms)
Ô£ö Integraci├│n con neutralino-shim.js (0.9145ms)
ÔûÂ API del Servidor Local (HTTP)
  Ô£û GET /api/get-services debe devolver lista de servicios
  Ô£û POST /api/write-log debe escribir en app-debug.log
  Ô£û POST /api/exec-command debe ejecutar comandos
Ô£û API del Servidor Local (HTTP) (9127.1794ms)
ÔûÂ Integridad del motor de detecci├│n REAL
  Ô£ö detecta PHP en estructura anidada usando la L├ôGICA REAL (4.256ms)
  Ô£ö detecta Apache con estructura compleja (4.7575ms)
  Ô£ö reproduce el flujo completo: instalar PHP, Apache y verificar dependencias (9.3273ms)
Ô£ö Integridad del motor de detecci├│n REAL (19.0363ms)
ÔûÂ Filesystem Adapter (Node.js)
  Ô£ö before - crear adaptador y directorio temporal (0.9285ms)
  Ô£ö readFile debe leer contenido de archivos (1.0276ms)
  Ô£ö writeFile debe escribir contenido en archivos (0.5683ms)
  Ô£ö readDir debe listar archivos de un directorio (1.1857ms)
  Ô£ö fileExists debe detectar archivos existentes (0.5099ms)
  Ô£ö execCommand debe ejecutar comandos y devolver salida (16.8407ms)
  Ô£ö execCommand debe capturar errores de comandos (23.0716ms)
  Ô£ö after - limpiar directorio temporal (1.0409ms)
Ô£ö Filesystem Adapter (Node.js) (46.0529ms)
Ô£ö Integridad de interceptaci├│n en Neutralino Shim (con Buffer) (0.9496ms)
Ô£û Verificaci├│n de API de logs en vite.config.js (1.3617ms)
[TEST] httpd.conf localizado en: C:\Users\msole\Documents\Proyectos\MyLaragon\neutralino\bin\apache\2.4.66\Apache24\conf\httpd.conf
[TEST] Versiones de PHP disponibles: 8.3.29 (TS), 8.2.30 (TS)
[TEST] Probando cambio de PHP 8.3.29 (TS) ÔåÆ 8.2.30 (TS)
[TEST] Ô£ô No se crearon directivas duplicadas
[TEST] Ô£ô Otras directivas LoadModule preservadas
[TEST] httpd.conf restaurado al estado original
ÔûÂ Actualizaci├│n de configuraci├│n de Apache al cambiar PHP
  Ô£û Debe actualizar httpd.conf con la configuraci├│n de PHP cuando se cambia la versi├│n (2.5479ms)
  Ô£ö No debe crear directivas duplicadas al cambiar PHP m├║ltiples veces (2.5464ms)
  Ô£ö Debe preservar otras directivas LoadModule al actualizar PHP (1.2624ms)
Ô£û Actualizaci├│n de configuraci├│n de Apache al cambiar PHP (19.0924ms)
[TEST] Versiones PHP detectadas en Apache: [ '8.3.29 (TS)', '8.2.30 (TS)' ]
[TEST] Verificando PHP 8.3.29 (TS)...
[TEST] Verificando PHP 8.2.30 (TS)...
[TEST] Ô£ô Apache filtra correctamente 2 versiones de PHP con m├│dulo Apache
ÔûÂ Filtrado de versiones PHP para Apache
  Ô£ö Apache solo debe mostrar versiones de PHP con m├│dulo Apache (20.884ms)
Ô£ö Filtrado de versiones PHP para Apache (21.5682ms)
[TEST] Versiones detectadas: [ '8.3.29 (TS)', '8.3.29 (NTS)', '8.2.30 (TS)' ]
ÔûÂ Detecci├│n de Binarios PHP
  Ô£ö La carpeta neutralino/bin/php debe existir (0.6575ms)
  Ô£ö El motor de detecci├│n debe encontrar las versiones v├ílidas de PHP (13.0489ms)
  Ô£û Inconsistencias: No deben existir carpetas de versi├│n sin ejecutable (1.9631ms)
  Ô£ö Verificar ruta en DIST si existe (0.1649ms)
Ô£û Detecci├│n de Binarios PHP (16.5481ms)
ÔûÂ Service detection (filesystem-based)
  Ô£ö marca Apache como no instalado cuando falta el ejecutable (5.1292ms)
  Ô£ö detecta Apache instalado cuando existe httpd.exe (3.0739ms)
  Ô£ö detecta Apache en neutralino/bin con carpetas anidadas (7.8137ms)
  Ô£ö pasa de instalado a no instalado tras eliminar la carpeta (simula desinstalaci├│n) (4.2466ms)
  Ô£ö clearLogsFile vac├¡a el log (1.166ms)
  Ô£ö loadAppConfig lee secciones y valores (1.0941ms)
  Ô£ö getServiceBinPath detecta ejecutable directo y en subcarpeta bin (2.4634ms)
  Ô£ö usa alias mariadb cuando mysql no existe (3.2461ms)
  Ô£ö ordena versiones de forma descendente (10.3838ms)
  Ô£ö documentRoot usa projectsPath cuando no hay override (2.6858ms)
  Ô£ö apache requiere php: instalado pero sin php -> dependenciesReady false (3.013ms)
  Ô£ö apache con php instalado -> dependenciesReady true (3.6875ms)
  Ô£ö apache con php en neutralino/bin detecta dependencia y marca dependenciesReady (6.8063ms)
  Ô£ö detecta versiones de PHP en app, usr y neutralino y selecciona la m├ís reciente (8.409ms)
  Ô£ö detecta Apache instalado en usr/bin y asigna versi├│n (3.0313ms)
  Ô£ö nginx detecta instalaci├│n y puerto por defecto (2.6258ms)
  Ô£ö redis/memcached/mailpit/mongodb/postgresql se detectan con sus binarios (6.6313ms)
  Ô£ö incluye logs de mysql en data/ y en la versi├│n (3.3099ms)
  Ô£ö detecta servicios DB extra (redis) si existen binarios (2.4667ms)
  Ô£ö instala un zip real con Apache usando PowerShell (840.4334ms)
Ô£ö Service detection (filesystem-based) (923.7138ms)
´╣ú Slow install/uninstall flow usando installer real (0.3443ms) # SKIP
´╣ú Slow integration (binarios reales si est├ín instalados) (0.3091ms) # SKIP
Ôä╣ tests 58
Ôä╣ suites 12
Ôä╣ pass 52
Ôä╣ fail 3
Ôä╣ cancelled 3
Ôä╣ skipped 0
Ôä╣ todo 0
Ôä╣ duration_ms 9217.9616

Ô£û failing tests:

test at tests\api\api-http.spec.js:38:3
Ô£û GET /api/get-services debe devolver lista de servicios
  'test did not finish before its parent and was cancelled'

test at tests\api\api-http.spec.js:53:3
Ô£û POST /api/write-log debe escribir en app-debug.log
  'test did not finish before its parent and was cancelled'

test at tests\api\api-http.spec.js:75:3
Ô£û POST /api/exec-command debe ejecutar comandos
  'test did not finish before its parent and was cancelled'

test at tests\api\api-http.spec.js:16:1
Ô£û API del Servidor Local (HTTP) (9127.1794ms)
  Error: Servidor no disponible. Ejecuta "npm run dev" primero
      at SuiteContext.<anonymous> (file:///C:/Users/msole/Documents/Proyectos/MyLaragon/tests/api/api-http.spec.js:31:17)
      at process.processTicksAndRejections (node:internal/process/task_queues:105:5)
      at async TestHook.run (node:internal/test_runner/test:1069:7)
      at async Suite.runHook (node:internal/test_runner/test:980:9)
      at async Suite.run (node:internal/test_runner/test:1460:7)
      at async startSubtestAfterBootstrap (node:internal/test_runner/harness:332:3)

test at tests\log-parity.spec.js:22:1
Ô£û Verificaci├│n de API de logs en vite.config.js (1.3617ms)
  AssertionError [ERR_ASSERTION]: El endpoint /api/write-log deber├¡a escribir f├¡sicamente
      at TestContext.<anonymous> (file:///C:/Users/msole/Documents/Proyectos/MyLaragon/tests/log-parity.spec.js:27:12)
      at Test.runInAsyncScope (node:async_hooks:214:14)
      at Test.run (node:internal/test_runner/test:1062:25)
      at Test.processPendingSubtests (node:internal/test_runner/test:752:18)
      at Test.postRun (node:internal/test_runner/test:1191:19)
      at Test.run (node:internal/test_runner/test:1119:12)
      at async startSubtestAfterBootstrap (node:internal/test_runner/harness:332:3) {
    generatedMessage: false,
    code: 'ERR_ASSERTION',
    actual: false,
    expected: true,
    operator: '=='
  }

test at tests\php-apache-config.spec.js:72:3
Ô£û Debe actualizar httpd.conf con la configuraci├│n de PHP cuando se cambia la versi├│n (2.5479ms)
  AssertionError [ERR_ASSERTION]: httpd.conf no contiene la directiva LoadModule para PHP 8.3.29 (TS)
      at TestContext.<anonymous> (file:///C:/Users/msole/Documents/Proyectos/MyLaragon/tests/php-apache-config.spec.js:97:12)
      at async Test.run (node:internal/test_runner/test:1069:7)
      at async Promise.all (index 0)
      at async Suite.run (node:internal/test_runner/test:1466:7)
      at async startSubtestAfterBootstrap (node:internal/test_runner/harness:332:3) {
    generatedMessage: false,
    code: 'ERR_ASSERTION',
    actual: false,
    expected: true,
    operator: '=='
  }

test at tests\php-detection.spec.js:41:3
Ô£û Inconsistencias: No deben existir carpetas de versi├│n sin ejecutable (1.9631ms)
  AssertionError [ERR_ASSERTION]: ERROR DE INTEGRIDAD: La carpeta '8.1.34 (NTS)' existe en /bin/php pero est├í vac├¡a o corrupta. El motor de la app la ignora, por lo tanto el test falla para que limpies o arregles esa instalaci├│n.
      at file:///C:/Users/msole/Documents/Proyectos/MyLaragon/tests/php-detection.spec.js:50:16
      at Array.forEach (<anonymous>)
      at TestContext.<anonymous> (file:///C:/Users/msole/Documents/Proyectos/MyLaragon/tests/php-detection.spec.js:48:21)
      at async Test.run (node:internal/test_runner/test:1069:7)
      at async Suite.processPendingSubtests (node:internal/test_runner/test:752:7) {
    generatedMessage: false,
    code: 'ERR_ASSERTION',
    actual: false,
    expected: true,
    operator: '=='
  }
